// Jest Snapshot v1, https://goo.gl/fbAQLP

exports[`Home renders unchanged 1`] = `
<div>
  <div
    class="root"
  >
    Loading...
    <div
      class="root"
    >
      <div
        class="copyright"
      >
        <p>
          © 
          2025
           hamatatsu
        </p>
      </div>
    </div>
  </div>
</div>
`;
